<html>
<body>
<pre>
<h1>µVision Build Log</h1>
<h2>Tool Versions:</h2>
IDE-Version: µVision V5.38.0.0
Copyright (C) 2022 ARM Ltd and ARM Germany GmbH. All rights reserved.
License Information: Hasan Atmaca, Hds Otomasyon, LIC=4PP70-BV1MQ-ZKD5W-3289D-WVZY4-PV1SB
 
Tool Versions:
Toolchain:       MDK-ARM Cortex-M0/M23 for Nuvoton  Version: 5.38.0.0
Toolchain Path:  C:\Keil_v5\ARM\ARMCLANG\Bin
C Compiler:      ArmClang.exe V6.19
Assembler:       Armasm.exe V6.19
Linker/Locator:  ArmLink.exe V6.19
Library Manager: ArmAr.exe V6.19
Hex Converter:   FromElf.exe V6.19
CPU DLL:         
Dialog DLL:      
Target DLL:      NULink\Nu_Link.dll V3.09
Dialog DLL:      TCM.DLL V1.56.4.0
 
<h2>Project:</h2>
D:\Software Tools\Arm\Nuvoton\Example_Code\M251BSP-master\SampleCode\StdDriver\Nuvoton_Ultrasonic_Sensor\KEIL\Ultrasonic_Sensor.uvprojx
Project File Date:  03/28/2023

<h2>Output:</h2>
*** Using Compiler 'V6.19', folder: 'C:\Keil_v5\ARM\ARMCLANG\Bin'
Build target 'GPIO_INT'
creating preprocessor file for uart.c...
creating preprocessor file for gpio.c...
creating preprocessor file for system_M251.c...
creating preprocessor file for sys.c...
creating preprocessor file for retarget.c...
creating preprocessor file for main.c...
creating preprocessor file for timer.c...
creating preprocessor file for clk.c...
compiling main.c...
linking...
Program Size: Code=6940 RO-data=500 RW-data=16 ZI-data=2144  
After Build - User command #1: fromelf --bin ".\obj\Nuvoton_Ultrasonic_Sensor(HCSR-04).axf" --output ".\obj\Nuvoton_Ultrasonic_Sensor(HCSR-04).bin"
After Build - User command #2: fromelf --text -c ".\obj\Nuvoton_Ultrasonic_Sensor(HCSR-04).axf" --output ".\obj\Nuvoton_Ultrasonic_Sensor(HCSR-04).txt"
".\obj\Nuvoton_Ultrasonic_Sensor(HCSR-04).axf" - 0 Error(s), 0 Warning(s).

<h2>Software Packages used:</h2>

Package Vendor: ARM
                http://www.keil.com/pack/ARM.CMSIS.5.9.0.pack
                ARM.CMSIS.5.9.0
                CMSIS (Common Microcontroller Software Interface Standard)
   * Component: CORE Version: 5.6.0

Package Vendor: Nuvoton
                https://github.com/OpenNuvoton/cmsis-packs/raw/master/Nuvoton_DFP/Nuvoton.NuMicro_DFP.1.3.19.pack
                Nuvoton.NuMicro_DFP.1.3.19
                Nuvoton ARM Cortex-M NuMicro Family Device Support

<h2>Collection of Component include folders:</h2>
  ./RTE/_GPIO_INT
  C:/Users/Argeolog/AppData/Local/Arm/Packs/ARM/CMSIS/5.9.0/CMSIS/Core/Include
  C:/Users/Argeolog/AppData/Local/Arm/Packs/Nuvoton/NuMicro_DFP/1.3.19/Device/M251/Include

<h2>Collection of Component Files used:</h2>

   * Component: ARM::CMSIS:CORE:5.6.0
Build Time Elapsed:  00:00:00
</pre>
</body>
</html>
